// Jest Snapshot v1, https://goo.gl/fbAQLP

exports[`renders AccountsSearch without crashing 1`] = `ShallowWrapper {}`;
