// Jest Snapshot v1, https://goo.gl/fbAQLP

exports[`renders TheContent without crashing 1`] = `ShallowWrapper {}`;
