// Jest Snapshot v1, https://goo.gl/fbAQLP

exports[`AccountDisplay display user renders TheHeader without crashing 1`] = `ReactWrapper {}`;

exports[`renders TheHeader without crashing 1`] = `ShallowWrapper {}`;
