// Jest Snapshot v1, https://goo.gl/fbAQLP

exports[`renders TheLayout without crashing 1`] = `ShallowWrapper {}`;
