// Jest Snapshot v1, https://goo.gl/fbAQLP

exports[`renders TheHeader without crashing 1`] = `ShallowWrapper {}`;

exports[`renders TheSidebar without crashing 1`] = `ShallowWrapper {}`;
